Loading and checking parameter files for compatibility...
cpptraj found! Using /home/scroll/miniforge3/envs/cgas-md/bin/cpptraj
sander found! Using /home/scroll/miniforge3/envs/cgas-md/bin/sander
Preparing trajectories for simulation...
126 frames were processed by cpptraj for use in calculation.

Running calculations on normal system...

Beginning GB calculations with /home/scroll/miniforge3/envs/cgas-md/bin/sander
  calculating complex contribution...
  calculating receptor contribution...
  calculating ligand contribution...

Beginning PB calculations with /home/scroll/miniforge3/envs/cgas-md/bin/sander
  calculating complex contribution...
  calculating receptor contribution...
  calculating ligand contribution...

Timing:
Total setup time:                           0.018 min.
Creating trajectories with cpptraj:         0.046 min.
Total calculation time:                    51.344 min.

Total GB calculation time:                  6.472 min.
Total PB calculation time:                 44.733 min.

Statistics calculation & output writing:    0.005 min.
Total time taken:                          51.413 min.


MMPBSA.py Finished! Thank you for using. Please cite us if you publish this work with this paper:
   Miller III, B. R., McGee Jr., T. D., Swails, J. M. Homeyer, N. Gohlke, H. and Roitberg, A. E.
   J. Chem. Theory Comput., 2012, 8 (9) pp 3314--3321
exit: 0
