
CPPTRAJ: Trajectory Analysis. V6.24.0 (AmberTools)
    ___  ___  ___  ___
     | \/ | \/ | \/ | 
    _|_/\_|_/\_|_/\_|_

| Date/time: 07/20/26 19:24:34
| Available memory: 766.382 GB

INPUT: Reading input from 'extract.cpptraj'
  [parm ../../../../tleap/gglu_1oeg.prmtop]
	Reading '../../../../tleap/gglu_1oeg.prmtop' as Amber Topology
	Radius Set: modified Bondi radii (mbondi)
  [trajin ../../../../md/gglu_1oeg/rep2/gglu_1oeg_traj.dcd 502 1003 4]
	Reading '../../../../md/gglu_1oeg/rep2/gglu_1oeg_traj.dcd' as Charmm DCD
	Symmetric shape matrix detected.
Warning: Trajectory box type is 'Rhombohedral' but topology box type is 'Truncated octahedron'.
Warning: Setting topology box information from trajectory.
  [autoimage]
    AUTOIMAGE: To box center based on center of mass, anchor is first molecule.
  [strip :WAT,Na+,Cl-]
    STRIP: Stripping atoms in mask [:WAT,Na+,Cl-]
  [trajout gglu_1oeg_rep2_dry.nc netcdf nobox]
	Writing 'gglu_1oeg_rep2_dry.nc' as Amber NetCDF
---------- RUN BEGIN -------------------------------------------------

PARAMETER FILES (1 total):
 0: gglu_1oeg.prmtop, 36812 atoms, 11714 res, box: Rhombohedral, 11589 mol, 11579 solvent

INPUT TRAJECTORIES (1 total):
 0: 'gglu_1oeg_traj.dcd' is a CHARMM DCD file (coords) Little Endian 32 bit, Parm gglu_1oeg.prmtop (Rhombohedral box) (reading 126 of 1003)
  Coordinate processing will occur on 126 frames.

OUTPUT TRAJECTORIES (1 total):
  'gglu_1oeg_rep2_dry.nc' (126 frames) is a NetCDF (NetCDF3) AMBER trajectory no box info,

BEGIN TRAJECTORY PROCESSING:
.....................................................
ACTION SETUP FOR PARM 'gglu_1oeg.prmtop' (2 actions):
  0: [autoimage]
	Using first molecule as anchor.
	1 molecules are fixed to anchor: 2
	11587 molecules are mobile.
  1: [strip :WAT,Na+,Cl-]
	Stripping 34745 atoms.
	Stripped topology: 2067 atoms, 127 res, box: Rhombohedral, 2 mol
Warning: Setting NetCDF variable compression requires compiling with HDF5 support.
Warning: Setting NetCDF variable compression requires compiling with HDF5 support.
Warning: Setting NetCDF frame chunk size requires compiling with HDF5 support.
.....................................................
ACTIVE OUTPUT TRAJECTORIES (1):
  gglu_1oeg_rep2_dry.nc (coordinates, time)
----- gglu_1oeg_traj.dcd (502-1003, 4) -----
 0% 10% 20% 30% 40% 50% 60% 70% 80% 90% 100% Complete.

Read 126 frames and processed 126 frames.
TIME: Avg. throughput= 1392.7885 frames / second.

ACTION OUTPUT:
TIME: Analyses took 0.0000 seconds.

RUN TIMING:
TIME:		Init               : 0.0000 s (  0.01%)
TIME:		Trajectory Process : 0.0905 s ( 99.63%)
TIME:		Action Post        : 0.0000 s (  0.00%)
TIME:		Analysis           : 0.0000 s (  0.00%)
TIME:		Data File Write    : 0.0000 s (  0.00%)
TIME:		Other              : 0.0003 s (  0.00%)
TIME:	Run Total 0.0908 s
---------- RUN END ---------------------------------------------------
TIME: Total execution time: 0.1249 seconds.
--------------------------------------------------------------------------------
To cite CPPTRAJ use:
Daniel R. Roe and Thomas E. Cheatham, III, "PTRAJ and CPPTRAJ: Software for
  Processing and Analysis of Molecular Dynamics Trajectory Data". J. Chem.
  Theory Comput., 2013, 9 (7), pp 3084-3095.

