Loading and checking parameter files for compatibility...
cpptraj found! Using /home/scroll/miniforge3/envs/cgas-md/bin/cpptraj
mmpbsa_py_energy found! Using /home/scroll/miniforge3/envs/cgas-md/bin/mmpbsa_py_energy
Preparing trajectories for simulation...
126 frames were processed by cpptraj for use in calculation.

Running calculations on normal system...

Beginning GB calculations with /home/scroll/miniforge3/envs/cgas-md/bin/mmpbsa_py_energy
  calculating complex contribution...
  calculating receptor contribution...
  calculating ligand contribution...

Beginning PB calculations with /home/scroll/miniforge3/envs/cgas-md/bin/mmpbsa_py_energy
  calculating complex contribution...
  calculating receptor contribution...
  calculating ligand contribution...

Timing:
Total setup time:                           0.004 min.
Creating trajectories with cpptraj:         0.012 min.
Total calculation time:                     3.473 min.

Total GB calculation time:                  0.135 min.
Total PB calculation time:                  3.156 min.

Statistics calculation & output writing:    0.000 min.
Total time taken:                           3.490 min.


MMPBSA.py Finished! Thank you for using. Please cite us if you publish this work with this paper:
   Miller III, B. R., McGee Jr., T. D., Swails, J. M. Homeyer, N. Gohlke, H. and Roitberg, A. E.
   J. Chem. Theory Comput., 2012, 8 (9) pp 3314--3321
exit: 0
