Loading no_linker rep1 ...
  1003 frames (dt=0.1 ns from reporter interval)
  frame-0 NZ(Lys26)-C11 = 1.36 Å
  CA_RMSD               mean=1.80  std=0.24  median=1.80  IQR=[1.63,1.97]  n_eff=10
  Tail-Prot             mean=4.81  std=1.33  median=4.26  IQR=[3.96,5.22]  n_eff=21
Loading no_linker rep2 ...
  1003 frames (dt=0.1 ns from reporter interval)
  frame-0 NZ(Lys26)-C11 = 1.37 Å
  CA_RMSD               mean=1.77  std=0.21  median=1.73  IQR=[1.63,1.85]  n_eff=12
  Tail-Prot             mean=5.00  std=1.53  median=4.28  IQR=[3.82,6.14]  n_eff=17
Loading no_linker rep3 ...
  1003 frames (dt=0.1 ns from reporter interval)
  frame-0 NZ(Lys26)-C11 = 1.37 Å
  CA_RMSD               mean=1.75  std=0.19  median=1.72  IQR=[1.60,1.86]  n_eff=36
  Tail-Prot             mean=5.32  std=1.31  median=5.14  IQR=[4.31,5.92]  n_eff=10
Loading gglu_1oeg rep1 ...
  1003 frames (dt=0.1 ns from reporter interval)
  frame-0 NZ(Lys26)-C11 = 1.39 Å
  CA_RMSD               mean=1.74  std=0.16  median=1.70  IQR=[1.63,1.81]  n_eff=16
  Tail-Prot             mean=3.59  std=0.34  median=3.51  IQR=[3.34,3.78]  n_eff=11
Loading gglu_1oeg rep2 ...
  1003 frames (dt=0.1 ns from reporter interval)
  frame-0 NZ(Lys26)-C11 = 1.37 Å
  CA_RMSD               mean=1.67  std=0.15  median=1.67  IQR=[1.57,1.76]  n_eff=55
  Tail-Prot             mean=3.79  std=0.27  median=3.81  IQR=[3.63,3.97]  n_eff=29
Loading gglu_1oeg rep3 ...
  1003 frames (dt=0.1 ns from reporter interval)
  frame-0 NZ(Lys26)-C11 = 1.42 Å
  CA_RMSD               mean=1.73  std=0.18  median=1.73  IQR=[1.61,1.84]  n_eff=15
  Tail-Prot             mean=3.85  std=0.60  median=3.65  IQR=[3.39,4.22]  n_eff=6
Loading gglu_2oeg rep1 ...
  1003 frames (dt=0.1 ns from reporter interval)
  frame-0 NZ(Lys26)-C11 = 1.39 Å
  CA_RMSD               mean=1.95  std=0.16  median=1.93  IQR=[1.84,2.06]  n_eff=62
  Tail-Prot             mean=3.89  std=0.21  median=3.88  IQR=[3.74,4.01]  n_eff=137
Loading gglu_2oeg rep2 ...
  1003 frames (dt=0.1 ns from reporter interval)
  frame-0 NZ(Lys26)-C11 = 1.35 Å
  CA_RMSD               mean=1.59  std=0.15  median=1.58  IQR=[1.48,1.69]  n_eff=31
  Tail-Prot             mean=3.94  std=0.21  median=3.93  IQR=[3.80,4.07]  n_eff=308
Loading gglu_2oeg rep3 ...
  1003 frames (dt=0.1 ns from reporter interval)
  frame-0 NZ(Lys26)-C11 = 1.34 Å
  CA_RMSD               mean=1.50  std=0.20  median=1.48  IQR=[1.35,1.63]  n_eff=8
  Tail-Prot             mean=4.03  std=0.29  median=3.98  IQR=[3.84,4.17]  n_eff=63
Loading gglu_3oeg rep1 ...
  1003 frames (dt=0.1 ns from reporter interval)
  frame-0 NZ(Lys26)-C11 = 1.35 Å
  CA_RMSD               mean=1.73  std=0.16  median=1.72  IQR=[1.61,1.83]  n_eff=26
  Tail-Prot             mean=3.79  std=0.26  median=3.77  IQR=[3.62,3.92]  n_eff=27
Loading gglu_3oeg rep2 ...
  1003 frames (dt=0.1 ns from reporter interval)
  frame-0 NZ(Lys26)-C11 = 1.37 Å
  CA_RMSD               mean=1.98  std=0.17  median=1.98  IQR=[1.86,2.10]  n_eff=55
  Tail-Prot             mean=3.63  std=0.21  median=3.65  IQR=[3.48,3.77]  n_eff=43
Loading gglu_3oeg rep3 ...
  1003 frames (dt=0.1 ns from reporter interval)
  frame-0 NZ(Lys26)-C11 = 1.43 Å
  CA_RMSD               mean=1.76  std=0.14  median=1.75  IQR=[1.66,1.86]  n_eff=13
  Tail-Prot             mean=3.55  std=0.19  median=3.53  IQR=[3.40,3.69]  n_eff=27

Variant              EC50(pM) | Tail-Prot mean±SD*   med   IQR  n_eff      CV |  CA RMSD mean±SD*   med   IQR  n_eff      CV
  *mean±SD over replica means; med/IQR pooled over equilibrated frames; n_eff = sum of per-replica n_eff
No linker (19)            269 |     5.04±0.26      4.50  1.90     48   5.1% |     1.77±0.02      1.74  0.28     57   1.4% | 
γGlu-1×OEG (21)             5 |     3.74±0.14      3.68  0.54     45   3.6% |     1.71±0.04      1.70  0.20     85   2.2% | 
γGlu-2×OEG (Sema)           6 |     3.95±0.07      3.93  0.30    508   1.8% |     1.68±0.24      1.65  0.39    101  14.1% | 
γGlu-3×OEG (24)            28 |     3.65±0.12      3.66  0.30     97   3.4% |     1.82±0.14      1.81  0.27     94   7.5% | 

=== PRIMARY: gglu_2oeg vs others, Tail-Prot, correlated t-test (concatenated per-frame) ===
  2oeg vs no_linker   Δ=-1.09 Å  t=-4.95 df=42 p=1.26e-05 n_eff=43 | rep-mean Welch t=-7.07 p=0.0133
  2oeg vs gglu_1oeg   Δ=+0.21 Å  t=2.58 df=32 p=0.0147 n_eff=33 | rep-mean Welch t=2.39 p=0.0973
  2oeg vs gglu_3oeg   Δ=+0.30 Å  t=3.34 df=15 p=0.00444 n_eff=16 | rep-mean Welch t=3.66 p=0.0321

=== SECONDARY: gglu_3oeg vs others, CA RMSD, correlated t-test ===
  3oeg vs no_linker   Δ=+0.05 Å  t=0.85 df=20 p=0.406 n_eff=21 | rep-mean Welch t=0.67 p=0.566
  3oeg vs gglu_1oeg   Δ=+0.11 Å  t=1.54 df=14 p=0.145 n_eff=15 | rep-mean Welch t=1.35 p=0.294
  3oeg vs gglu_2oeg   Δ=+0.14 Å  t=1.00 df=5 p=0.362 n_eff=6 | rep-mean Welch t=0.92 p=0.423

Saved /home/scroll/zzhang/semaglutide-in-silico/exps/exp-D/analysis/test_results.json
Saved /home/scroll/zzhang/semaglutide-in-silico/exps/exp-D/analysis/tail_prot_compare.png
dcdplugin) detected standard 32-bit DCD file of native endianness
dcdplugin) CHARMM format DCD file (also NAMD 2.1 and later)
dcdplugin) detected standard 32-bit DCD file of native endianness
dcdplugin) CHARMM format DCD file (also NAMD 2.1 and later)
dcdplugin) detected standard 32-bit DCD file of native endianness
dcdplugin) CHARMM format DCD file (also NAMD 2.1 and later)
dcdplugin) detected standard 32-bit DCD file of native endianness
dcdplugin) CHARMM format DCD file (also NAMD 2.1 and later)
dcdplugin) detected standard 32-bit DCD file of native endianness
dcdplugin) CHARMM format DCD file (also NAMD 2.1 and later)
dcdplugin) detected standard 32-bit DCD file of native endianness
dcdplugin) CHARMM format DCD file (also NAMD 2.1 and later)
dcdplugin) detected standard 32-bit DCD file of native endianness
dcdplugin) CHARMM format DCD file (also NAMD 2.1 and later)
dcdplugin) detected standard 32-bit DCD file of native endianness
dcdplugin) CHARMM format DCD file (also NAMD 2.1 and later)
dcdplugin) detected standard 32-bit DCD file of native endianness
dcdplugin) CHARMM format DCD file (also NAMD 2.1 and later)
dcdplugin) detected standard 32-bit DCD file of native endianness
dcdplugin) CHARMM format DCD file (also NAMD 2.1 and later)
dcdplugin) detected standard 32-bit DCD file of native endianness
dcdplugin) CHARMM format DCD file (also NAMD 2.1 and later)
dcdplugin) detected standard 32-bit DCD file of native endianness
dcdplugin) CHARMM format DCD file (also NAMD 2.1 and later)
