Loading and checking parameter files for compatibility...
cpptraj found! Using /home/scroll/miniforge3/envs/cgas-md/bin/cpptraj
sander found! Using /home/scroll/miniforge3/envs/cgas-md/bin/sander
Preparing trajectories for simulation...
126 frames were processed by cpptraj for use in calculation.

Running calculations on normal system...

Beginning GB calculations with /home/scroll/miniforge3/envs/cgas-md/bin/sander
  calculating complex contribution...
  calculating receptor contribution...
  calculating ligand contribution...

Beginning PB calculations with /home/scroll/miniforge3/envs/cgas-md/bin/sander
  calculating complex contribution...
  calculating receptor contribution...
  calculating ligand contribution...

Timing:
Total setup time:                           0.001 hr.
Creating trajectories with cpptraj:         0.001 hr.
Total calculation time:                     1.179 hr.

Total GB calculation time:                  0.150 hr.
Total PB calculation time:                  1.027 hr.

Statistics calculation & output writing:    0.000 hr.
Total time taken:                           1.180 hr.


MMPBSA.py Finished! Thank you for using. Please cite us if you publish this work with this paper:
   Miller III, B. R., McGee Jr., T. D., Swails, J. M. Homeyer, N. Gohlke, H. and Roitberg, A. E.
   J. Chem. Theory Comput., 2012, 8 (9) pp 3314--3321
exit: 0
